---
source: shellclear/src/clearer.rs
assertion_line: 131
expression: content
---
"mock\n"
