---
source: shellclear/src/config.rs
expression: "config.ignore_sensitive_path ==\n    PathBuf::from(format!(\"{}/{}/{}\", cfg_dir, ROOT_APP_FOLDER,\n            CONFIG_IGNORES))"
---
true
