---
source: shellclear/src/config.rs
expression: config.ignore_sensitive_path == default_config.ignore_sensitive_path
---
true
