---
source: shellclear/src/config.rs
expression: "config.app_path == PathBuf::from(format!(\"{}/{}\", cfg_dir, ROOT_APP_FOLDER))"
---
true
