---
source: shellclear/src/config.rs
expression: config.sensitive_commands_path == default_config.sensitive_commands_path
---
true
