---
source: shellclear/src/bin/cmd/clear.rs
assertion_line: 199
expression: result
---
"  shellclear cleared 1 sensitive commands"
